hello, this is one line of test log